io/agileintelligence/ppmtool/security/JwtAuthenticationFilter.class
io/agileintelligence/ppmtool/security/SecurityConfig.class
io/agileintelligence/ppmtool/repositories/UserRepository.class
io/agileintelligence/ppmtool/exceptions/InvalidLoginResponse.class
io/agileintelligence/ppmtool/payload/JWTLoginSucessReponse.class
io/agileintelligence/ppmtool/security/SecurityConstants.class
io/agileintelligence/ppmtool/domain/Backlog.class
io/agileintelligence/ppmtool/security/JwtTokenProvider.class
io/agileintelligence/ppmtool/exceptions/ProjectNotFoundExceptionResponse.class
io/agileintelligence/ppmtool/services/CustomUserDetailsService.class
io/agileintelligence/ppmtool/exceptions/UsernameAlreadyExistsException.class
io/agileintelligence/ppmtool/payload/LoginRequest.class
io/agileintelligence/ppmtool/repositories/ProjectRepository.class
io/agileintelligence/ppmtool/services/ProjectTaskService.class
io/agileintelligence/ppmtool/web/UserController.class
io/agileintelligence/ppmtool/exceptions/CustomResponseEntity.class
io/agileintelligence/ppmtool/domain/User.class
io/agileintelligence/ppmtool/security/JwtAuthenticationEntryPoint.class
io/agileintelligence/ppmtool/repositories/BacklogRepository.class
io/agileintelligence/ppmtool/exceptions/ProjectNotFoundException.class
io/agileintelligence/ppmtool/web/ProjectController.class
io/agileintelligence/ppmtool/domain/Project.class
io/agileintelligence/ppmtool/PpmtoolApplication.class
io/agileintelligence/ppmtool/web/BacklogController.class
io/agileintelligence/ppmtool/services/ProjectService.class
io/agileintelligence/ppmtool/services/UserService.class
io/agileintelligence/ppmtool/exceptions/ProjectIdExceptionResponse.class
io/agileintelligence/ppmtool/validator/UserValidator.class
io/agileintelligence/ppmtool/domain/ProjectTask.class
io/agileintelligence/ppmtool/services/MapValidationErrorService.class
io/agileintelligence/ppmtool/repositories/ProjectTaskRepository.class
io/agileintelligence/ppmtool/exceptions/ProjectIdException.class
io/agileintelligence/ppmtool/exceptions/UsernameAlreadyExistsResponse.class
