/Users/zheyiyi/Desktop/heroku_spring_project/PPMToolFullStack/src/main/java/io/agileintelligence/ppmtool/exceptions/UsernameAlreadyExistsException.java
/Users/zheyiyi/Desktop/heroku_spring_project/PPMToolFullStack/src/main/java/io/agileintelligence/ppmtool/exceptions/InvalidLoginResponse.java
/Users/zheyiyi/Desktop/heroku_spring_project/PPMToolFullStack/src/main/java/io/agileintelligence/ppmtool/domain/User.java
/Users/zheyiyi/Desktop/heroku_spring_project/PPMToolFullStack/src/main/java/io/agileintelligence/ppmtool/security/JwtAuthenticationFilter.java
/Users/zheyiyi/Desktop/heroku_spring_project/PPMToolFullStack/src/main/java/io/agileintelligence/ppmtool/repositories/ProjectRepository.java
/Users/zheyiyi/Desktop/heroku_spring_project/PPMToolFullStack/src/main/java/io/agileintelligence/ppmtool/services/UserService.java
/Users/zheyiyi/Desktop/heroku_spring_project/PPMToolFullStack/src/main/java/io/agileintelligence/ppmtool/security/JwtTokenProvider.java
/Users/zheyiyi/Desktop/heroku_spring_project/PPMToolFullStack/src/main/java/io/agileintelligence/ppmtool/exceptions/ProjectIdException.java
/Users/zheyiyi/Desktop/heroku_spring_project/PPMToolFullStack/src/main/java/io/agileintelligence/ppmtool/repositories/ProjectTaskRepository.java
/Users/zheyiyi/Desktop/heroku_spring_project/PPMToolFullStack/src/main/java/io/agileintelligence/ppmtool/exceptions/ProjectNotFoundExceptionResponse.java
/Users/zheyiyi/Desktop/heroku_spring_project/PPMToolFullStack/src/main/java/io/agileintelligence/ppmtool/exceptions/UsernameAlreadyExistsResponse.java
/Users/zheyiyi/Desktop/heroku_spring_project/PPMToolFullStack/src/main/java/io/agileintelligence/ppmtool/services/ProjectService.java
/Users/zheyiyi/Desktop/heroku_spring_project/PPMToolFullStack/src/main/java/io/agileintelligence/ppmtool/PpmtoolApplication.java
/Users/zheyiyi/Desktop/heroku_spring_project/PPMToolFullStack/src/main/java/io/agileintelligence/ppmtool/payload/JWTLoginSucessReponse.java
/Users/zheyiyi/Desktop/heroku_spring_project/PPMToolFullStack/src/main/java/io/agileintelligence/ppmtool/web/ProjectController.java
/Users/zheyiyi/Desktop/heroku_spring_project/PPMToolFullStack/src/main/java/io/agileintelligence/ppmtool/services/ProjectTaskService.java
/Users/zheyiyi/Desktop/heroku_spring_project/PPMToolFullStack/src/main/java/io/agileintelligence/ppmtool/security/JwtAuthenticationEntryPoint.java
/Users/zheyiyi/Desktop/heroku_spring_project/PPMToolFullStack/src/main/java/io/agileintelligence/ppmtool/security/SecurityConfig.java
/Users/zheyiyi/Desktop/heroku_spring_project/PPMToolFullStack/src/main/java/io/agileintelligence/ppmtool/web/UserController.java
/Users/zheyiyi/Desktop/heroku_spring_project/PPMToolFullStack/src/main/java/io/agileintelligence/ppmtool/domain/Project.java
/Users/zheyiyi/Desktop/heroku_spring_project/PPMToolFullStack/src/main/java/io/agileintelligence/ppmtool/validator/UserValidator.java
/Users/zheyiyi/Desktop/heroku_spring_project/PPMToolFullStack/src/main/java/io/agileintelligence/ppmtool/payload/LoginRequest.java
/Users/zheyiyi/Desktop/heroku_spring_project/PPMToolFullStack/src/main/java/io/agileintelligence/ppmtool/services/CustomUserDetailsService.java
/Users/zheyiyi/Desktop/heroku_spring_project/PPMToolFullStack/src/main/java/io/agileintelligence/ppmtool/security/SecurityConstants.java
/Users/zheyiyi/Desktop/heroku_spring_project/PPMToolFullStack/src/main/java/io/agileintelligence/ppmtool/web/BacklogController.java
/Users/zheyiyi/Desktop/heroku_spring_project/PPMToolFullStack/src/main/java/io/agileintelligence/ppmtool/services/MapValidationErrorService.java
/Users/zheyiyi/Desktop/heroku_spring_project/PPMToolFullStack/src/main/java/io/agileintelligence/ppmtool/repositories/UserRepository.java
/Users/zheyiyi/Desktop/heroku_spring_project/PPMToolFullStack/src/main/java/io/agileintelligence/ppmtool/exceptions/ProjectNotFoundException.java
/Users/zheyiyi/Desktop/heroku_spring_project/PPMToolFullStack/src/main/java/io/agileintelligence/ppmtool/exceptions/CustomResponseEntity.java
/Users/zheyiyi/Desktop/heroku_spring_project/PPMToolFullStack/src/main/java/io/agileintelligence/ppmtool/exceptions/ProjectIdExceptionResponse.java
/Users/zheyiyi/Desktop/heroku_spring_project/PPMToolFullStack/src/main/java/io/agileintelligence/ppmtool/repositories/BacklogRepository.java
/Users/zheyiyi/Desktop/heroku_spring_project/PPMToolFullStack/src/main/java/io/agileintelligence/ppmtool/domain/Backlog.java
/Users/zheyiyi/Desktop/heroku_spring_project/PPMToolFullStack/src/main/java/io/agileintelligence/ppmtool/domain/ProjectTask.java
